=== Benchmark run: results-nps4-srat-l3 ===
Sat Jan 11 07:38:14 PM JST 2025

=== uname -a ===
Linux epyc 6.13.0-rc6-1-mainline #1 SMP PREEMPT_DYNAMIC Tue, 07 Jan 2025 12:24:19 +0000 x86_64 GNU/Linux

=== lscpu ===
Architecture:                         x86_64
CPU op-mode(s):                       32-bit, 64-bit
Address sizes:                        52 bits physical, 57 bits virtual
Byte Order:                           Little Endian
CPU(s):                               48
On-line CPU(s) list:                  0-47
Vendor ID:                            AuthenticAMD
Model name:                           AMD EPYC 9274F 24-Core Processor
CPU family:                           25
Model:                                17
Thread(s) per core:                   2
Core(s) per socket:                   24
Socket(s):                            1
Stepping:                             1
Frequency boost:                      enabled
CPU(s) scaling MHz:                   49%
CPU max MHz:                          4303.1250
CPU min MHz:                          1500.0000
BogoMIPS:                             8103.48
Flags:                                fpu vme de pse tsc msr pae mce cx8 apic sep mtrr pge mca cmov pat pse36 clflush mmx fxsr sse sse2 ht syscall nx mmxext fxsr_opt pdpe1gb rdtscp lm constant_tsc rep_good amd_lbr_v2 nopl xtopology nonstop_tsc cpuid extd_apicid aperfmperf rapl pni pclmulqdq monitor ssse3 fma cx16 pcid sse4_1 sse4_2 x2apic movbe popcnt aes xsave avx f16c rdrand lahf_lm cmp_legacy svm extapic cr8_legacy abm sse4a misalignsse 3dnowprefetch osvw ibs skinit wdt tce topoext perfctr_core perfctr_nb bpext perfctr_llc mwaitx cpb cat_l3 cdp_l3 hw_pstate ssbd mba perfmon_v2 ibrs ibpb stibp ibrs_enhanced vmmcall fsgsbase bmi1 avx2 smep bmi2 erms invpcid cqm rdt_a avx512f avx512dq rdseed adx smap avx512ifma clflushopt clwb avx512cd sha_ni avx512bw avx512vl xsaveopt xsavec xgetbv1 xsaves cqm_llc cqm_occup_llc cqm_mbm_total cqm_mbm_local user_shstk avx512_bf16 clzero irperf xsaveerptr rdpru wbnoinvd amd_ppin cppc arat npt lbrv svm_lock nrip_save tsc_scale vmcb_clean flushbyasid decodeassists pausefilter pfthreshold avic v_vmsave_vmload vgif x2avic v_spec_ctrl vnmi avx512vbmi umip pku ospke avx512_vbmi2 gfni vaes vpclmulqdq avx512_vnni avx512_bitalg avx512_vpopcntdq la57 rdpid overflow_recov succor smca fsrm flush_l1d debug_swap
Virtualization:                       AMD-V
L1d cache:                            768 KiB (24 instances)
L1i cache:                            768 KiB (24 instances)
L2 cache:                             24 MiB (24 instances)
L3 cache:                             256 MiB (8 instances)
NUMA node(s):                         8
NUMA node0 CPU(s):                    0-2,24-26
NUMA node1 CPU(s):                    3-5,27-29
NUMA node2 CPU(s):                    6-8,30-32
NUMA node3 CPU(s):                    9-11,33-35
NUMA node4 CPU(s):                    12-14,36-38
NUMA node5 CPU(s):                    15-17,39-41
NUMA node6 CPU(s):                    18-20,42-44
NUMA node7 CPU(s):                    21-23,45-47
Vulnerability Gather data sampling:   Not affected
Vulnerability Itlb multihit:          Not affected
Vulnerability L1tf:                   Not affected
Vulnerability Mds:                    Not affected
Vulnerability Meltdown:               Not affected
Vulnerability Mmio stale data:        Not affected
Vulnerability Reg file data sampling: Not affected
Vulnerability Retbleed:               Not affected
Vulnerability Spec rstack overflow:   Mitigation; Safe RET
Vulnerability Spec store bypass:      Mitigation; Speculative Store Bypass disabled via prctl
Vulnerability Spectre v1:             Mitigation; usercopy/swapgs barriers and __user pointer sanitization
Vulnerability Spectre v2:             Mitigation; Enhanced / Automatic IBRS; IBPB conditional; STIBP always-on; RSB filling; PBRSB-eIBRS Not affected; BHI Not affected
Vulnerability Srbds:                  Not affected
Vulnerability Tsx async abort:        Not affected

=== numactl --hardware ===
available: 8 nodes (0-7)
node 0 cpus: 0 1 2 24 25 26
node 0 size: 48111 MB
node 0 free: 46666 MB
node 1 cpus: 3 4 5 27 28 29
node 1 size: 48382 MB
node 1 free: 47725 MB
node 2 cpus: 6 7 8 30 31 32
node 2 size: 48382 MB
node 2 free: 47802 MB
node 3 cpus: 9 10 11 33 34 35
node 3 size: 48382 MB
node 3 free: 47471 MB
node 4 cpus: 12 13 14 36 37 38
node 4 size: 48382 MB
node 4 free: 47576 MB
node 5 cpus: 15 16 17 39 40 41
node 5 size: 48382 MB
node 5 free: 47669 MB
node 6 cpus: 18 19 20 42 43 44
node 6 size: 48340 MB
node 6 free: 47223 MB
node 7 cpus: 21 22 23 45 46 47
node 7 size: 48337 MB
node 7 free: 45110 MB
node distances:
node     0    1    2    3    4    5    6    7 
   0:   10   11   12   12   12   12   12   12 
   1:   11   10   12   12   12   12   12   12 
   2:   12   12   10   11   12   12   12   12 
   3:   12   12   11   10   12   12   12   12 
   4:   12   12   12   12   10   11   12   12 
   5:   12   12   12   12   11   10   12   12 
   6:   12   12   12   12   12   12   10   11 
   7:   12   12   12   12   12   12   11   10 

=== dmidecode ===
available: 8 nodes (0-7)
node 0 cpus: 0 1 2 24 25 26
node 0 size: 48111 MB
node 0 free: 46666 MB
node 1 cpus: 3 4 5 27 28 29
node 1 size: 48382 MB
node 1 free: 47725 MB
node 2 cpus: 6 7 8 30 31 32
node 2 size: 48382 MB
node 2 free: 47802 MB
node 3 cpus: 9 10 11 33 34 35
node 3 size: 48382 MB
node 3 free: 47471 MB
node 4 cpus: 12 13 14 36 37 38
node 4 size: 48382 MB
node 4 free: 47576 MB
node 5 cpus: 15 16 17 39 40 41
node 5 size: 48382 MB
node 5 free: 47669 MB
node 6 cpus: 18 19 20 42 43 44
node 6 size: 48340 MB
node 6 free: 47223 MB
node 7 cpus: 21 22 23 45 46 47
node 7 size: 48337 MB
node 7 free: 45110 MB
node distances:
node     0    1    2    3    4    5    6    7 
   0:   10   11   12   12   12   12   12   12 
   1:   11   10   12   12   12   12   12   12 
   2:   12   12   10   11   12   12   12   12 
   3:   12   12   11   10   12   12   12   12 
   4:   12   12   12   12   10   11   12   12 
   5:   12   12   12   12   11   10   12   12 
   6:   12   12   12   12   12   12   10   11 
   7:   12   12   12   12   12   12   11   10 
